// Jest Snapshot v1, https://goo.gl/fbAQLP

exports[`Container component renders properly 1`] = `
<div
  className="sc-dkzDqf jQOhNQ"
>
  <div
    className="sc-gsnTZi hynQrK"
  >
    <div
      id="selector"
    />
  </div>
  Content
</div>
`;
