// Jest Snapshot v1, https://goo.gl/fbAQLP

exports[` component renders properly 1`] = `
Array [
  <h1
    className="sc-bczRLJ ibOPpr"
  >
    <img
      alt="IMBd"
      height="30px"
      src="image"
    />
     Breaking Bad
  </h1>,
  <div>
    <input
      className="sc-kDDrLX bHKnbf"
      data-test="search-box"
      onChange={[Function]}
      placeholder="ðŸ”Ž Buscar: Walter White"
      value=""
      width="100%"
    />
  </div>,
  <div
    className="sc-iqcoie gtVNTc"
  >
    <nav
      data-test="character_1"
      data-test-group="character-item"
    >
      <a
        id="link"
      >
        <span>
          Alt
        </span>
        <img
          alt="Alt"
          className="sc-eCYdqJ dJkwBv"
          height="40px"
          src="image1.png"
          width="40px"
        />
      </a>
    </nav>
    <nav
      data-test="character_2"
      data-test-group="character-item"
    >
      <a
        id="link"
      >
        <span>
          Control
        </span>
        <img
          alt="Control"
          className="sc-eCYdqJ dJkwBv"
          height="40px"
          src="image1.png"
          width="40px"
        />
      </a>
    </nav>
  </div>,
]
`;
